==========================================================================================
Layer (type:depth-idx)                   Output Shape              Param #
==========================================================================================
CustomParameter                          [4, 8]                    32
==========================================================================================
Total params: 32
Trainable params: 32
Non-trainable params: 0
Total mult-adds: 128
==========================================================================================
Input size: 76
Forward/backward pass size: 256
Params size: 128
Estimated Total Size: 460
==========================================================================================
