==========================================================================================
Layer (type:depth-idx)                   Output Shape              Param #
==========================================================================================
DictParameter                            [10, 1]                   --
==========================================================================================
Total params: 0
Trainable params: 0
Non-trainable params: 0
Total mult-adds: 0
==========================================================================================
Input size: 224
Forward/backward pass size: 0
Params size: 0
Estimated Total Size: 224
==========================================================================================
