==========================================================================================
Layer (type:depth-idx)                   Output Shape              Param #
==========================================================================================
EdgecaseInputOutputModel                 --                        --
├─Linear: 1-1                            [1]                       4
==========================================================================================
Total params: 4
Trainable params: 4
Non-trainable params: 0
Total mult-adds: 4
==========================================================================================
Input size: 0
Forward/backward pass size: 8
Params size: 16
Estimated Total Size: 24
==========================================================================================
