==============================================================================================================
Layer (type:depth-idx)                                       Output Shape              Param #
==============================================================================================================
EdgeCaseModel                                                [1, 10, 24, 24]           --
├─Conv2d: 1-1                                                [1, 10, 24, 24]           260
├─LayerWithRidiculouslyLongNameAndDoesntDoAnything: 1-2      [1, 10, 24, 24]           --
│    └─Identity: 2-1                                         [1, 10, 24, 24]           --
==============================================================================================================
Total params: 260
Trainable params: 260
Non-trainable params: 0
Total mult-adds (k): 149.76
==============================================================================================================
Input size (kB): 3.21
Forward/backward pass size (kB): 46.08
Params size (kB): 1.04
Estimated Total Size (kB): 50.33
==============================================================================================================
