================================================================================================================================================================
Layer (type:depth-idx)                   Kernel Shape         Groups               Input Shape          Output Shape         Param #              Mult-Adds
================================================================================================================================================================
Conv2d                                   [3, 3]               4                    [7, 16, 28, 28]      [7, 32, 26, 26]      1,184                5,602,688
================================================================================================================================================================
Total params: 1,184
Trainable params: 1,184
Non-trainable params: 0
Total mult-adds (M): 5.60
================================================================================================================================================================
Input size (kB): 351.30
Forward/backward pass size (MB): 1.21
Params size (kB): 4.74
Estimated Total Size (MB): 1.57
================================================================================================================================================================
