==========================================================================================
Layer (type:depth-idx)                   Output Shape              Param #
==========================================================================================
HighlyNestedDictModel                    [10]                      --
├─Linear: 1-1                            [10]                      110
├─Linear: 1-2                            [10]                      110
==========================================================================================
Total params: 220
Trainable params: 220
Non-trainable params: 0
Total mult-adds: 220
==========================================================================================
Input size: 112
Forward/backward pass size: 160
Params size: 880
Estimated Total Size (kB): 1.15
==========================================================================================
