==========================================================================================
Layer (type:depth-idx)                   Output Shape              Param #
==========================================================================================
CustomParameter                          [3, 2]                    6
==========================================================================================
Total params: 6
Trainable params: 6
Non-trainable params: 0
Total mult-adds: 18
==========================================================================================
Input size: 80
Forward/backward pass size: 48
Params size: 24
Estimated Total Size: 152
==========================================================================================
==========================================================================================
Layer (type:depth-idx)                   Output Shape              Param #
==========================================================================================
CustomParameter                          [3, 2]                    6
==========================================================================================
Total params: 6
Trainable params: 6
Non-trainable params: 0
Total mult-adds: 18
==========================================================================================
Input size: 80
Forward/backward pass size: 48
Params size: 24
Estimated Total Size: 152
==========================================================================================
==========================================================================================
Layer (type:depth-idx)                   Output Shape              Param #
==========================================================================================
CustomParameter                          [3, 2]                    6
==========================================================================================
Total params: 6
Trainable params: 6
Non-trainable params: 0
Total mult-adds: 18
==========================================================================================
Input size: 80
Forward/backward pass size: 48
Params size: 24
Estimated Total Size: 152
==========================================================================================
==========================================================================================
Layer (type:depth-idx)                   Output Shape              Param #
==========================================================================================
CustomParameter                          [3, 2]                    6
==========================================================================================
Total params: 6
Trainable params: 6
Non-trainable params: 0
Total mult-adds: 18
==========================================================================================
Input size: 80
Forward/backward pass size: 48
Params size: 24
Estimated Total Size: 152
==========================================================================================
