==========================================================================================
Layer (type:depth-idx)                   Output Shape              Param #
==========================================================================================
LinearModel                              [64, 1]                   --
├─Sequential: 1-1                        [64, 1]                   --
│    └─Linear: 2-1                       [64, 128]                 16,512
│    └─ReLU: 2-2                         [64, 128]                 --
│    └─Linear: 2-3                       [64, 128]                 16,512
│    └─ReLU: 2-4                         [64, 128]                 --
│    └─Linear: 2-5                       [64, 1]                   129
==========================================================================================
Total params: 33,153
Trainable params: 33,153
Non-trainable params: 0
Total mult-adds (M): 2.12
==========================================================================================
Input size (kB): 32.84
Forward/backward pass size (kB): 131.58
Params size (kB): 132.61
Estimated Total Size (kB): 297.04
==========================================================================================
==========================================================================================
Layer (type:depth-idx)                   Output Shape              Param #
==========================================================================================
LinearModel                              --                        --
├─Sequential: 1-1                        --                        --
│    └─Linear: 2-1                       --                        16,512
│    └─ReLU: 2-2                         --                        --
│    └─Linear: 2-3                       --                        16,512
│    └─ReLU: 2-4                         --                        --
│    └─Linear: 2-5                       --                        129
==========================================================================================
Total params: 33,153
Trainable params: 33,153
Non-trainable params: 0
Total mult-adds: 0
==========================================================================================
Input size (kB): 32.84
Forward/backward pass size: 0
Params size (kB): 132.61
Estimated Total Size (kB): 165.45
==========================================================================================
