========================================================================================================================
Layer (type:depth-idx)                   Input Shape          Output Shape         Param #              Mult-Adds
========================================================================================================================
Linear                                   [32, 16, 8]          [32, 16, 64]         576                  294,912
========================================================================================================================
Total params: 576
Trainable params: 576
Non-trainable params: 0
Total mult-adds (k): 294.91
========================================================================================================================
Input size (kB): 16.46
Forward/backward pass size (kB): 262.14
Params size (kB): 2.30
Estimated Total Size (kB): 280.90
========================================================================================================================
