==========================================================================================
Layer (type:depth-idx)                   Output Shape              Param #
==========================================================================================
RecursiveNet                             [1, 64, 28, 28]           --
├─Conv2d: 1-1                            [1, 64, 28, 28]           36,928
├─Conv2d: 1-2                            [1, 64, 28, 28]           (recursive)
├─Conv2d: 1-3                            [1, 64, 28, 28]           (recursive)
├─Conv2d: 1-4                            [1, 64, 28, 28]           (recursive)
├─Conv2d: 1-5                            [1, 64, 28, 28]           (recursive)
├─Conv2d: 1-6                            [1, 64, 28, 28]           (recursive)
==========================================================================================
Total params: 36,928
Trainable params: 36,928
Non-trainable params: 0
Total mult-adds (M): 173.71
==========================================================================================
Input size (kB): 200.78
Forward/backward pass size (MB): 2.41
Params size (kB): 147.71
Estimated Total Size (MB): 2.76
==========================================================================================
