==========================================================================================
Layer (type:depth-idx)                   Output Shape              Param #
==========================================================================================
ModuleDictModel                          [1, 10, 1, 1]             --
├─ModuleDict: 1-1                        --                        --
│    └─Conv2d: 2-1                       [1, 10, 1, 1]             910
├─ModuleDict: 1-2                        --                        1
│    └─LeakyReLU: 2-2                    [1, 10, 1, 1]             --
==========================================================================================
Total params: 911
Trainable params: 911
Non-trainable params: 0
Total mult-adds: 910
==========================================================================================
Input size: 432
Forward/backward pass size: 80
Params size (kB): 3.64
Estimated Total Size (kB): 4.15
==========================================================================================
==========================================================================================
Layer (type:depth-idx)                   Output Shape              Param #
==========================================================================================
ModuleDictModel                          [1, 10, 1, 1]             --
├─ModuleDict: 1-1                        --                        910
│    └─MaxPool2d: 2-1                    [1, 10, 1, 1]             --
├─ModuleDict: 1-2                        --                        --
│    └─PReLU: 2-2                        [1, 10, 1, 1]             1
==========================================================================================
Total params: 911
Trainable params: 911
Non-trainable params: 0
Total mult-adds: 1
==========================================================================================
Input size: 432
Forward/backward pass size: 80
Params size: 4
Estimated Total Size: 516
==========================================================================================
