==========================================================================================
Layer (type:depth-idx)                   Output Shape              Param #
==========================================================================================
NamedTuple                               [2, 1, 28, 28]            --
==========================================================================================
Total params: 0
Trainable params: 0
Non-trainable params: 0
Total mult-adds: 0
==========================================================================================
Input size (kB): 12.69
Forward/backward pass size: 0
Params size: 0
Estimated Total Size (kB): 12.69
==========================================================================================
