==========================================================================================
Layer (type (var_name))                  Output Shape              Param #
==========================================================================================
InsideModel (InsideModel)                [100, 2]                  2
├─Linear (l_0)                           [100, 1]                  3
├─Inside (inside)                        [100, 1]                  1
│    └─Linear (l_1)                      [100, 1]                  2
==========================================================================================
Total params: 8
Trainable params: 8
Non-trainable params: 0
Total mult-adds: 500
==========================================================================================
Input size: 872
Forward/backward pass size (kB): 1.60
Params size: 20
Estimated Total Size (kB): 2.49
==========================================================================================
