==========================================================================================
Layer (type:depth-idx)                   Output Shape              Param #
==========================================================================================
ParameterFCNet                           [3, 32]                   8,256
├─a                                                                ├─8,192
├─b                                                                └─64
├─Linear: 1-1                            [3, 32]                   2,080
│    └─weight                                                      ├─2,048
│    └─bias                                                        └─32
==========================================================================================
Total params: 10,336
Trainable params: 10,336
Non-trainable params: 0
Total mult-adds (k): 6.24
==========================================================================================
Input size (kB): 1.61
Forward/backward pass size: 768
Params size (kB): 8.32
Estimated Total Size (kB): 10.70
==========================================================================================
==========================================================================================
Layer (type:depth-idx)                   Output Shape              Param #
==========================================================================================
ParameterFCNet                           [3, 64]                   8,256
├─a                                                                ├─8,192
├─b                                                                └─64
==========================================================================================
Total params: 8,256
Trainable params: 8,256
Non-trainable params: 0
Total mult-adds: 0
==========================================================================================
Input size (kB): 1.61
Forward/backward pass size (kB): 1.54
Params size (kB): 33.02
Estimated Total Size (kB): 36.17
==========================================================================================
