========================================================================================================================================================================================================
Layer (type:depth-idx)                   Kernel Shape         Groups               Input Shape          Output Shape         Param #              Param %              Mult-Adds            Trainable
========================================================================================================================================================================================================
ParameterListModel                       --                   --                   [100, 100]           [100, 100]           30,000               100.00%              --                   True
========================================================================================================================================================================================================
Total params: 30,000
Trainable params: 30,000
Non-trainable params: 0
Total mult-adds: 0
========================================================================================================================================================================================================
Input size (kB): 40.07
Forward/backward pass size: 0
Params size: 0
Estimated Total Size (kB): 40.07
========================================================================================================================================================================================================
