==========================================================================================
Layer (type:depth-idx)                   Output Shape              Param #
==========================================================================================
PartialJITModel                          --                        --
├─Conv2d: 1-1                            --                        260
├─Conv2d: 1-2                            --                        5,020
├─Dropout2d: 1-3                         --                        --
├─Linear: 1-4                            --                        16,050
├─Linear: 1-5                            --                        510
==========================================================================================
Total params: 21,840
Trainable params: 21,840
Non-trainable params: 0
Total mult-adds: 0
==========================================================================================
Input size (kB): 6.34
Forward/backward pass size: 0
Params size (kB): 87.36
Estimated Total Size (kB): 93.70
==========================================================================================
