==========================================================================================
Layer (type:depth-idx)                   Output Shape              Param #
==========================================================================================
PrunedLayerNameModel                     [4, 8]                    32
==========================================================================================
Total params: 32
Trainable params: 32
Non-trainable params: 0
Total mult-adds (k): 1.02
==========================================================================================
Input size: 76
Forward/backward pass size: 256
Params size: 128
Estimated Total Size: 460
==========================================================================================
==========================================================================================
Layer (type:depth-idx)                   Output Shape              Param #
==========================================================================================
FakePrunedLayerModel                     [4, 8]                    32
==========================================================================================
Total params: 32
Trainable params: 32
Non-trainable params: 0
Total mult-adds (k): 1.02
==========================================================================================
Input size: 76
Forward/backward pass size: 256
Params size: 128
Estimated Total Size: 460
==========================================================================================
