=================================================================
Layer (type:depth-idx)                   Param #
=================================================================
Linear                                   15
=================================================================
Total params: 15
Trainable params: 15
Non-trainable params: 0
=================================================================
==========================================================================================
Layer (type:depth-idx)                   Output Shape              Param #
==========================================================================================
Linear                                   [1, 5]                    15
==========================================================================================
Total params: 15
Trainable params: 15
Non-trainable params: 0
Total mult-adds: 15
==========================================================================================
Input size: 80
Forward/backward pass size: 40
Params size: 60
Estimated Total Size: 180
==========================================================================================
