==========================================================================================
Layer (type:depth-idx)                   Output Shape              Param #
==========================================================================================
SingleInputNet                           [2, 10]                   --
├─Conv2d: 1-1                            [2, 10, 24, 24]           260
├─Conv2d: 1-2                            [2, 20, 8, 8]             5,020
├─Dropout2d: 1-3                         [2, 20, 8, 8]             --
├─Linear: 1-4                            [2, 50]                   16,050
├─Linear: 1-5                            [2, 10]                   510
==========================================================================================
Total params: 21,840
Trainable params: 21,840
Non-trainable params: 0
Total mult-adds (k): 975.20
==========================================================================================
Input size (kB): 6.34
Forward/backward pass size (kB): 113.60
Params size (kB): 87.36
Estimated Total Size (kB): 207.30
==========================================================================================
