============================================================================================================================================
Layer (type:depth-idx)                   Kernel Shape         Input Shape          Output Shape         Param #              Mult-Adds
============================================================================================================================================
SingleInputNet                           --                   [1, 1, 28, 28]       [1, 10]              --                   --
├─Conv2d: 1-1                            [5, 5]               [1, 1, 28, 28]       [1, 10, 24, 24]      260                  149,760
├─Conv2d: 1-2                            [5, 5]               [1, 10, 12, 12]      [1, 20, 8, 8]        5,020                321,280
├─Dropout2d: 1-3                         --                   [1, 20, 8, 8]        [1, 20, 8, 8]        --                   --
├─Linear: 1-4                            --                   [1, 320]             [1, 50]              16,050               16,050
├─Linear: 1-5                            --                   [1, 50]              [1, 10]              510                  510
============================================================================================================================================
Total params: 21,840
Trainable params: 21,840
Non-trainable params: 0
Total mult-adds (k): 487.60
============================================================================================================================================
Input size (kB): 3.21
Forward/backward pass size (kB): 56.80
Params size (kB): 87.36
Estimated Total Size (kB): 147.37
============================================================================================================================================
