============================================================================================================================================
Layer (type:depth-idx)                   Kernel Shape              Input Shape               Output Shape              Trainable
============================================================================================================================================
MixedTrainable                           --                        [1, 1, 1]                 [1, 1, 1]                 Partial
├─Conv1d: 1-1                            [1]                       [1, 1, 1]                 [1, 1, 1]                 True
├─Conv1d: 1-2                            [1]                       [1, 1, 1]                 [1, 1, 1]                 Partial
├─Conv1d: 1-3                            [1]                       [1, 1, 1]                 [1, 1, 1]                 False
├─Dropout: 1-4                           --                        [1, 1, 1]                 [1, 1, 1]                 --
============================================================================================================================================
Total params: 6
Trainable params: 3
Non-trainable params: 3
Total mult-adds: 6
============================================================================================================================================
Input size: 76
Forward/backward pass size: 24
Params size: 24
Estimated Total Size: 124
============================================================================================================================================
