=================================================================
Layer (type:depth-idx)                   Param #
=================================================================
UninitializedParameterModel              --
=================================================================
Total params: 0
Trainable params: 0
Non-trainable params: 0
=================================================================
==========================================================================================
Layer (type:depth-idx)                   Output Shape              Param #
==========================================================================================
UninitializedParameterModel              [2, 2]                    128
==========================================================================================
Total params: 128
Trainable params: 128
Non-trainable params: 0
Total mult-adds: 0
==========================================================================================
Input size: 88
Forward/backward pass size: 32
Params size: 512
Estimated Total Size: 632
==========================================================================================
